{
    "easycgc - simplified": {
        "content": [
            [
                "versions.yml:md5,0f16967f8e1d900999a59c516abc360e"
            ]
        ],
        "meta": {
            "nf-test": "0.9.2",
            "nextflow": "24.10.5"
        },
        "timestamp": "2025-04-21T14:18:33.375969"
    },
    "easycgc - stub": {
        "content": [
            [
                "versions.yml:md5,0f16967f8e1d900999a59c516abc360e"
            ]
        ],
        "meta": {
            "nf-test": "0.9.2",
            "nextflow": "24.10.5"
        },
        "timestamp": "2025-04-21T14:18:37.031568"
    }
}