{
    "rundbcan - database - basic": {
        "content": [
            [
                "versions.yml:md5,71e74690d2a2be34140e1593c4fde889"
            ]
        ],
        "meta": {
            "nf-test": "0.9.2",
            "nextflow": "24.10.5"
        },
        "timestamp": "2025-04-21T14:16:22.203313"
    },
    "rundbcan - database - stub": {
        "content": [
            [
                "versions.yml:md5,71e74690d2a2be34140e1593c4fde889"
            ]
        ],
        "meta": {
            "nf-test": "0.9.2",
            "nextflow": "24.10.5"
        },
        "timestamp": "2025-04-21T14:16:26.043587"
    }
}