{
    "dbcancazyme - cazyme annotation - stub": {
        "content": [
            [
                "versions.yml:md5,8435140fdcf26095886f09384f61b273"
            ]
        ],
        "meta": {
            "nf-test": "0.9.2",
            "nextflow": "24.10.5"
        },
        "timestamp": "2025-04-21T10:06:38.698639"
    },
    "dbcancazyme - simplified": {
        "content": [
            [
                "versions.yml:md5,8435140fdcf26095886f09384f61b273"
            ]
        ],
        "meta": {
            "nf-test": "0.9.2",
            "nextflow": "24.10.5"
        },
        "timestamp": "2025-04-21T10:06:35.087564"
    }
}