{
    "easycgc - simplified": {
        "content": [
            {
                "0": [
                    [
                        {
                            "id": "test_dbcan"
                        },
                        "test_dbcan_dbcan_substrate_overview.tsv:md5,73bd9acee752d61e096370d4fedfee54"
                    ]
                ],
                "1": [
                    [
                        {
                            "id": "test_dbcan"
                        },
                        "test_dbcan_dbcan_substrate_dbCAN_hmm_results.tsv:md5,7ce7b6536845ffa8907b3f3fb2b77a1b"
                    ]
                ],
                "10": [
                    [
                        {
                            "id": "test_dbcan"
                        },
                        "test_dbcan_dbcan_substrate_CGC.faa:md5,d41d8cd98f00b204e9800998ecf8427e"
                    ]
                ],
                "11": [
                    [
                        {
                            "id": "test_dbcan"
                        },
                        "test_dbcan_dbcan_substrate_PUL_blast.out:md5,d41d8cd98f00b204e9800998ecf8427e"
                    ]
                ],
                "12": [
                    [
                        {
                            "id": "test_dbcan"
                        },
                        "test_dbcan_dbcan_substrate_substrate_prediction.tsv:md5,fe2a5ea9e19c4f1108798103547ff98d"
                    ]
                ],
                "13": [
                    [
                        {
                            "id": "test_dbcan"
                        },
                        [
                            
                        ]
                    ]
                ],
                "14": [
                    "versions.yml:md5,dc423c05a1d969f28a53bd6bd1e2c2e6"
                ],
                "2": [
                    [
                        {
                            "id": "test_dbcan"
                        },
                        "test_dbcan_dbcan_substrate_dbCANsub_hmm_results.tsv:md5,7ce7b6536845ffa8907b3f3fb2b77a1b"
                    ]
                ],
                "3": [
                    [
                        {
                            "id": "test_dbcan"
                        },
                        "test_dbcan_dbcan_substrate_diamond.out:md5,c935cda6778ca2b6aaaa4362b6f24d84"
                    ]
                ],
                "4": [
                    [
                        {
                            "id": "test_dbcan"
                        },
                        "test_dbcan_dbcan_substrate_cgc.gff:md5,cb1bd08c0276b4a0a37540032863a0ac"
                    ]
                ],
                "5": [
                    [
                        {
                            "id": "test_dbcan"
                        },
                        "test_dbcan_dbcan_substrate_cgc_standard_out.tsv:md5,6be9ab29b289ff46cc6e4b6fe48dc3d7"
                    ]
                ],
                "6": [
                    [
                        {
                            "id": "test_dbcan"
                        },
                        "test_dbcan_dbcan_substrate_diamond.out.tc:md5,4b9747475aaf438eede8556832060f83"
                    ]
                ],
                "7": [
                    [
                        {
                            "id": "test_dbcan"
                        },
                        "test_dbcan_dbcan_substrate_TF_hmm_results.tsv:md5,f63f2b2b3c4439304fa1c20c19cf1e99"
                    ]
                ],
                "8": [
                    [
                        {
                            "id": "test_dbcan"
                        },
                        "test_dbcan_dbcan_substrate_STP_hmm_results.tsv:md5,e03c881b99bb7c7637ed600324816b5c"
                    ]
                ],
                "9": [
                    [
                        {
                            "id": "test_dbcan"
                        },
                        "test_dbcan_dbcan_substrate_total_cgc_info.tsv:md5,79377e2e3f9582b3faa5f22996868bfa"
                    ]
                ],
                "cazyme_annotation": [
                    [
                        {
                            "id": "test_dbcan"
                        },
                        "test_dbcan_dbcan_substrate_overview.tsv:md5,73bd9acee752d61e096370d4fedfee54"
                    ]
                ],
                "cgc_faa": [
                    [
                        {
                            "id": "test_dbcan"
                        },
                        "test_dbcan_dbcan_substrate_CGC.faa:md5,d41d8cd98f00b204e9800998ecf8427e"
                    ]
                ],
                "cgc_gff": [
                    [
                        {
                            "id": "test_dbcan"
                        },
                        "test_dbcan_dbcan_substrate_cgc.gff:md5,cb1bd08c0276b4a0a37540032863a0ac"
                    ]
                ],
                "cgc_standard_out": [
                    [
                        {
                            "id": "test_dbcan"
                        },
                        "test_dbcan_dbcan_substrate_cgc_standard_out.tsv:md5,6be9ab29b289ff46cc6e4b6fe48dc3d7"
                    ]
                ],
                "dbcandiamond_results": [
                    [
                        {
                            "id": "test_dbcan"
                        },
                        "test_dbcan_dbcan_substrate_diamond.out:md5,c935cda6778ca2b6aaaa4362b6f24d84"
                    ]
                ],
                "dbcanhmm_results": [
                    [
                        {
                            "id": "test_dbcan"
                        },
                        "test_dbcan_dbcan_substrate_dbCAN_hmm_results.tsv:md5,7ce7b6536845ffa8907b3f3fb2b77a1b"
                    ]
                ],
                "dbcansub_results": [
                    [
                        {
                            "id": "test_dbcan"
                        },
                        "test_dbcan_dbcan_substrate_dbCANsub_hmm_results.tsv:md5,7ce7b6536845ffa8907b3f3fb2b77a1b"
                    ]
                ],
                "diamond_out_tc": [
                    [
                        {
                            "id": "test_dbcan"
                        },
                        "test_dbcan_dbcan_substrate_diamond.out.tc:md5,4b9747475aaf438eede8556832060f83"
                    ]
                ],
                "pul_blast_out": [
                    [
                        {
                            "id": "test_dbcan"
                        },
                        "test_dbcan_dbcan_substrate_PUL_blast.out:md5,d41d8cd98f00b204e9800998ecf8427e"
                    ]
                ],
                "stp_hmm_results": [
                    [
                        {
                            "id": "test_dbcan"
                        },
                        "test_dbcan_dbcan_substrate_STP_hmm_results.tsv:md5,e03c881b99bb7c7637ed600324816b5c"
                    ]
                ],
                "substrate_prediction": [
                    [
                        {
                            "id": "test_dbcan"
                        },
                        "test_dbcan_dbcan_substrate_substrate_prediction.tsv:md5,fe2a5ea9e19c4f1108798103547ff98d"
                    ]
                ],
                "synteny_pdf": [
                    [
                        {
                            "id": "test_dbcan"
                        },
                        [
                            
                        ]
                    ]
                ],
                "tf_hmm_results": [
                    [
                        {
                            "id": "test_dbcan"
                        },
                        "test_dbcan_dbcan_substrate_TF_hmm_results.tsv:md5,f63f2b2b3c4439304fa1c20c19cf1e99"
                    ]
                ],
                "total_cgc_info": [
                    [
                        {
                            "id": "test_dbcan"
                        },
                        "test_dbcan_dbcan_substrate_total_cgc_info.tsv:md5,79377e2e3f9582b3faa5f22996868bfa"
                    ]
                ],
                "versions": [
                    "versions.yml:md5,dc423c05a1d969f28a53bd6bd1e2c2e6"
                ]
            },
            {
                "RUNDBCAN_EASYSUBSTRATE": {
                    "dbcan": "5.0.6"
                }
            }
        ],
        "meta": {
            "nf-test": "0.9.2",
            "nextflow": "24.10.5"
        },
        "timestamp": "2025-04-29T12:19:09.562405"
    },
    "easysubstrate - stub": {
        "content": [
            {
                "0": [
                    [
                        {
                            "id": "stub"
                        },
                        "stub_dbcan_substrate_overview.tsv:md5,d41d8cd98f00b204e9800998ecf8427e"
                    ]
                ],
                "1": [
                    [
                        {
                            "id": "stub"
                        },
                        "stub_dbcan_substrate_dbCAN_hmm_results.tsv:md5,d41d8cd98f00b204e9800998ecf8427e"
                    ]
                ],
                "10": [
                    [
                        {
                            "id": "stub"
                        },
                        "stub_dbcan_substrate_CGC.faa:md5,d41d8cd98f00b204e9800998ecf8427e"
                    ]
                ],
                "11": [
                    [
                        {
                            "id": "stub"
                        },
                        "stub_dbcan_substrate_PUL_blast.out:md5,d41d8cd98f00b204e9800998ecf8427e"
                    ]
                ],
                "12": [
                    [
                        {
                            "id": "stub"
                        },
                        "stub_dbcan_substrate_substrate_prediction.tsv:md5,d41d8cd98f00b204e9800998ecf8427e"
                    ]
                ],
                "13": [
                    [
                        {
                            "id": "stub"
                        },
                        [
                            
                        ]
                    ]
                ],
                "14": [
                    "versions.yml:md5,dc423c05a1d969f28a53bd6bd1e2c2e6"
                ],
                "2": [
                    [
                        {
                            "id": "stub"
                        },
                        "stub_dbcan_substrate_dbCANsub_hmm_results.tsv:md5,d41d8cd98f00b204e9800998ecf8427e"
                    ]
                ],
                "3": [
                    [
                        {
                            "id": "stub"
                        },
                        "stub_dbcan_substrate_diamond.out:md5,d41d8cd98f00b204e9800998ecf8427e"
                    ]
                ],
                "4": [
                    [
                        {
                            "id": "stub"
                        },
                        "stub_dbcan_substrate_cgc.gff:md5,d41d8cd98f00b204e9800998ecf8427e"
                    ]
                ],
                "5": [
                    [
                        {
                            "id": "stub"
                        },
                        "stub_dbcan_substrate_cgc_standard_out.tsv:md5,d41d8cd98f00b204e9800998ecf8427e"
                    ]
                ],
                "6": [
                    [
                        {
                            "id": "stub"
                        },
                        "stub_dbcan_substrate_diamond.out.tc:md5,d41d8cd98f00b204e9800998ecf8427e"
                    ]
                ],
                "7": [
                    [
                        {
                            "id": "stub"
                        },
                        "stub_dbcan_substrate_TF_hmm_results.tsv:md5,d41d8cd98f00b204e9800998ecf8427e"
                    ]
                ],
                "8": [
                    [
                        {
                            "id": "stub"
                        },
                        "stub_dbcan_substrate_STP_hmm_results.tsv:md5,d41d8cd98f00b204e9800998ecf8427e"
                    ]
                ],
                "9": [
                    [
                        {
                            "id": "stub"
                        },
                        "stub_dbcan_substrate_total_cgc_info.tsv:md5,d41d8cd98f00b204e9800998ecf8427e"
                    ]
                ],
                "cazyme_annotation": [
                    [
                        {
                            "id": "stub"
                        },
                        "stub_dbcan_substrate_overview.tsv:md5,d41d8cd98f00b204e9800998ecf8427e"
                    ]
                ],
                "cgc_faa": [
                    [
                        {
                            "id": "stub"
                        },
                        "stub_dbcan_substrate_CGC.faa:md5,d41d8cd98f00b204e9800998ecf8427e"
                    ]
                ],
                "cgc_gff": [
                    [
                        {
                            "id": "stub"
                        },
                        "stub_dbcan_substrate_cgc.gff:md5,d41d8cd98f00b204e9800998ecf8427e"
                    ]
                ],
                "cgc_standard_out": [
                    [
                        {
                            "id": "stub"
                        },
                        "stub_dbcan_substrate_cgc_standard_out.tsv:md5,d41d8cd98f00b204e9800998ecf8427e"
                    ]
                ],
                "dbcandiamond_results": [
                    [
                        {
                            "id": "stub"
                        },
                        "stub_dbcan_substrate_diamond.out:md5,d41d8cd98f00b204e9800998ecf8427e"
                    ]
                ],
                "dbcanhmm_results": [
                    [
                        {
                            "id": "stub"
                        },
                        "stub_dbcan_substrate_dbCAN_hmm_results.tsv:md5,d41d8cd98f00b204e9800998ecf8427e"
                    ]
                ],
                "dbcansub_results": [
                    [
                        {
                            "id": "stub"
                        },
                        "stub_dbcan_substrate_dbCANsub_hmm_results.tsv:md5,d41d8cd98f00b204e9800998ecf8427e"
                    ]
                ],
                "diamond_out_tc": [
                    [
                        {
                            "id": "stub"
                        },
                        "stub_dbcan_substrate_diamond.out.tc:md5,d41d8cd98f00b204e9800998ecf8427e"
                    ]
                ],
                "pul_blast_out": [
                    [
                        {
                            "id": "stub"
                        },
                        "stub_dbcan_substrate_PUL_blast.out:md5,d41d8cd98f00b204e9800998ecf8427e"
                    ]
                ],
                "stp_hmm_results": [
                    [
                        {
                            "id": "stub"
                        },
                        "stub_dbcan_substrate_STP_hmm_results.tsv:md5,d41d8cd98f00b204e9800998ecf8427e"
                    ]
                ],
                "substrate_prediction": [
                    [
                        {
                            "id": "stub"
                        },
                        "stub_dbcan_substrate_substrate_prediction.tsv:md5,d41d8cd98f00b204e9800998ecf8427e"
                    ]
                ],
                "synteny_pdf": [
                    [
                        {
                            "id": "stub"
                        },
                        [
                            
                        ]
                    ]
                ],
                "tf_hmm_results": [
                    [
                        {
                            "id": "stub"
                        },
                        "stub_dbcan_substrate_TF_hmm_results.tsv:md5,d41d8cd98f00b204e9800998ecf8427e"
                    ]
                ],
                "total_cgc_info": [
                    [
                        {
                            "id": "stub"
                        },
                        "stub_dbcan_substrate_total_cgc_info.tsv:md5,d41d8cd98f00b204e9800998ecf8427e"
                    ]
                ],
                "versions": [
                    "versions.yml:md5,dc423c05a1d969f28a53bd6bd1e2c2e6"
                ]
            },
            {
                "RUNDBCAN_EASYSUBSTRATE": {
                    "dbcan": "5.0.6"
                }
            }
        ],
        "meta": {
            "nf-test": "0.9.2",
            "nextflow": "24.10.5"
        },
        "timestamp": "2025-04-29T12:19:13.757388"
    }
}